[     115ms] [INFO] %cDownload the React DevTools for a better development experience: https://reactjs.org/link/react-devtools font-weight:bold @ http://localhost:5173/node_modules/.vite/deps/chunk-NUMECXU6.js?v=9f3348c7:21550
[     189ms] [LOG] [boot] starting — isProd: false @ http://localhost:5173/src/App.jsx?t=1775616462286:155
[     189ms] [LOG] [boot] health check attempt 1/10 @ http://localhost:5173/src/App.jsx?t=1775616462286:159
[     192ms] [LOG] [boot] starting — isProd: false @ http://localhost:5173/src/App.jsx?t=1775616462286:155
[     192ms] [LOG] [boot] health check attempt 1/10 @ http://localhost:5173/src/App.jsx?t=1775616462286:159
[     213ms] [LOG] [boot] backend ready: {opensky: true, aeroapi: true, notam: false, poller: running (usa, 4279 aircraft), db: 1954504704} @ http://localhost:5173/src/App.jsx?t=1775616462286:166
[     213ms] [LOG] [boot] refreshing usage data @ http://localhost:5173/src/App.jsx?t=1775616462286:194
[     214ms] [LOG] [boot] initial fetch @ http://localhost:5173/src/App.jsx?t=1775616462286:201
[     274ms] [LOG] [fetch] /api/flights → {pollerRegion: usa, pollerHasData: true, flightCount: 3668, serverFetchedAt: 1775616463736, clientRegion: usa} @ http://localhost:5173/src/App.jsx?t=1775616462286:233
[     275ms] [LOG] [fetch] result: 3668 flights @ http://localhost:5173/src/App.jsx?t=1775616462286:258
[     370ms] [ERROR] Failed to load resource: the server responded with a status of 404 (Not Found) @ http://localhost:5173/favicon.ico:0
[     397ms] [LOG] [boot] live sync enabled @ http://localhost:5173/src/App.jsx?t=1775616462286:206
[     397ms] [LOG] [boot] complete @ http://localhost:5173/src/App.jsx?t=1775616462286:211
[    1634ms] [ERROR] Failed to load resource: the server responded with a status of 404 () @ https://api.adsbdb.com/v0/callsign/N28BR:0
[   16782ms] [ERROR] Failed to load resource: the server responded with a status of 404 () @ https://api.adsbdb.com/v0/callsign/N401TP:0
[   22894ms] [LOG] [fetch] /api/flights → {pollerRegion: usa, pollerHasData: true, flightCount: 3668, serverFetchedAt: 1775616463736, clientRegion: usa} @ http://localhost:5173/src/App.jsx?t=1775616462286:233
[   22894ms] [LOG] [fetch] result: 3668 flights @ http://localhost:5173/src/App.jsx?t=1775616462286:258
[   25693ms] [ERROR] Failed to load resource: the server responded with a status of 429 (Too Many Requests) @ http://localhost:5173/api/apl/hex?hex=acaf0b:0
[   32458ms] [ERROR] Failed to load resource: the server responded with a status of 404 () @ https://api.adsbdb.com/v0/callsign/N213PF:0
[   45390ms] [LOG] [fetch] /api/flights → {pollerRegion: usa, pollerHasData: true, flightCount: 3656, serverFetchedAt: 1775616507078, clientRegion: usa} @ http://localhost:5173/src/App.jsx?t=1775616462286:233
[   45390ms] [LOG] [fetch] result: 3656 flights @ http://localhost:5173/src/App.jsx?t=1775616462286:258
[   47604ms] [ERROR] Failed to load resource: the server responded with a status of 404 () @ https://api.adsbdb.com/v0/callsign/CMD2:0
[   63317ms] [ERROR] Failed to load resource: the server responded with a status of 404 () @ https://api.adsbdb.com/v0/callsign/N241TD:0
[   67888ms] [LOG] [fetch] /api/flights → {pollerRegion: usa, pollerHasData: true, flightCount: 3656, serverFetchedAt: 1775616507078, clientRegion: usa} @ http://localhost:5173/src/App.jsx?t=1775616462286:233
[   67888ms] [LOG] [fetch] result: 3656 flights @ http://localhost:5173/src/App.jsx?t=1775616462286:258
[   78502ms] [ERROR] Failed to load resource: the server responded with a status of 404 () @ https://api.adsbdb.com/v0/callsign/CGYAS:0
[   90391ms] [LOG] [fetch] /api/flights → {pollerRegion: usa, pollerHasData: true, flightCount: 3659, serverFetchedAt: 1775616552368, clientRegion: usa} @ http://localhost:5173/src/App.jsx?t=1775616462286:233
[   90391ms] [LOG] [fetch] result: 3659 flights @ http://localhost:5173/src/App.jsx?t=1775616462286:258
[   94339ms] [ERROR] Failed to load resource: the server responded with a status of 404 () @ https://api.adsbdb.com/v0/callsign/JKA55:0
[  110083ms] [ERROR] Failed to load resource: the server responded with a status of 404 () @ https://api.adsbdb.com/v0/callsign/N3534S:0
[  112897ms] [LOG] [fetch] /api/flights → {pollerRegion: usa, pollerHasData: true, flightCount: 3659, serverFetchedAt: 1775616552368, clientRegion: usa} @ http://localhost:5173/src/App.jsx?t=1775616462286:233
[  112898ms] [LOG] [fetch] result: 3659 flights @ http://localhost:5173/src/App.jsx?t=1775616462286:258
[  125885ms] [ERROR] Failed to load resource: the server responded with a status of 404 () @ https://api.adsbdb.com/v0/callsign/SCU50:0
[  135403ms] [LOG] [fetch] /api/flights → {pollerRegion: usa, pollerHasData: true, flightCount: 3651, serverFetchedAt: 1775616597130, clientRegion: usa} @ http://localhost:5173/src/App.jsx?t=1775616462286:233
[  135403ms] [LOG] [fetch] result: 3651 flights @ http://localhost:5173/src/App.jsx?t=1775616462286:258
[  141029ms] [ERROR] Failed to load resource: the server responded with a status of 404 () @ https://api.adsbdb.com/v0/callsign/COOL51:0
[  156170ms] [ERROR] Failed to load resource: the server responded with a status of 404 () @ https://api.adsbdb.com/v0/callsign/N900RB:0
[  157899ms] [LOG] [fetch] /api/flights → {pollerRegion: usa, pollerHasData: true, flightCount: 3651, serverFetchedAt: 1775616597130, clientRegion: usa} @ http://localhost:5173/src/App.jsx?t=1775616462286:233
[  157899ms] [LOG] [fetch] result: 3651 flights @ http://localhost:5173/src/App.jsx?t=1775616462286:258
