[     339ms] [INFO] %cDownload the React DevTools for a better development experience: https://reactjs.org/link/react-devtools font-weight:bold @ http://localhost:5173/node_modules/.vite/deps/chunk-NUMECXU6.js?v=9f3348c7:21550
[     419ms] [LOG] [boot] starting — isProd: false @ http://localhost:5173/src/App.jsx?t=1775605701331:174
[     419ms] [LOG] [boot] health check attempt 1/10 @ http://localhost:5173/src/App.jsx?t=1775605701331:178
[     422ms] [LOG] [boot] starting — isProd: false @ http://localhost:5173/src/App.jsx?t=1775605701331:174
[     422ms] [LOG] [boot] health check attempt 1/10 @ http://localhost:5173/src/App.jsx?t=1775605701331:178
[     440ms] [LOG] [boot] backend ready: {opensky: true, aeroapi: true, notam: false, poller: running (usa, 6078 aircraft), db: 1954504704} @ http://localhost:5173/src/App.jsx?t=1775605701331:185
[     440ms] [LOG] [boot] refreshing usage data @ http://localhost:5173/src/App.jsx?t=1775605701331:213
[     441ms] [LOG] [boot] initial fetch @ http://localhost:5173/src/App.jsx?t=1775605701331:220
[     504ms] [LOG] [fetch] /api/flights → {pollerRegion: usa, pollerHasData: true, flightCount: 5948, serverFetchedAt: 1775605675136, clientRegion: usa} @ http://localhost:5173/src/App.jsx?t=1775605701331:252
[     505ms] [LOG] [fetch] result: 5948 flights @ http://localhost:5173/src/App.jsx?t=1775605701331:277
[     589ms] [ERROR] Failed to load resource: the server responded with a status of 404 (Not Found) @ http://localhost:5173/favicon.ico:0
[     616ms] [LOG] [boot] live sync enabled @ http://localhost:5173/src/App.jsx?t=1775605701331:225
[     616ms] [LOG] [boot] complete @ http://localhost:5173/src/App.jsx?t=1775605701331:230
[    1209ms] [ERROR] Failed to load resource: the server responded with a status of 404 () @ https://api.adsbdb.com/v0/callsign/N406Z:0
[   16879ms] [ERROR] Failed to load resource: the server responded with a status of 404 () @ https://api.adsbdb.com/v0/callsign/N309RR:0
[   23129ms] [LOG] [fetch] /api/flights → {pollerRegion: usa, pollerHasData: true, flightCount: 5939, serverFetchedAt: 1775605720514, clientRegion: usa} @ http://localhost:5173/src/App.jsx?t=1775605701331:252
[   23129ms] [LOG] [fetch] result: 5939 flights @ http://localhost:5173/src/App.jsx?t=1775605701331:277
[   34249ms] [ERROR] Failed to load resource: the server responded with a status of 404 () @ https://api.adsbdb.com/v0/callsign/N35325:0
[   45641ms] [LOG] [fetch] /api/flights → {pollerRegion: usa, pollerHasData: true, flightCount: 5939, serverFetchedAt: 1775605720514, clientRegion: usa} @ http://localhost:5173/src/App.jsx?t=1775605701331:252
[   45641ms] [LOG] [fetch] result: 5939 flights @ http://localhost:5173/src/App.jsx?t=1775605701331:277
[   49101ms] [INFO] %cDownload the React DevTools for a better development experience: https://reactjs.org/link/react-devtools font-weight:bold @ http://localhost:5173/node_modules/.vite/deps/chunk-NUMECXU6.js?v=9f3348c7:21550
[   49129ms] [LOG] [boot] starting — isProd: false @ http://localhost:5173/src/App.jsx?t=1775605733432:174
[   49129ms] [LOG] [boot] health check attempt 1/10 @ http://localhost:5173/src/App.jsx?t=1775605733432:178
[   49130ms] [LOG] [boot] starting — isProd: false @ http://localhost:5173/src/App.jsx?t=1775605733432:174
[   49130ms] [LOG] [boot] health check attempt 1/10 @ http://localhost:5173/src/App.jsx?t=1775605733432:178
[   49154ms] [LOG] [boot] backend ready: {opensky: true, aeroapi: true, notam: false, poller: running (usa, 6078 aircraft), db: 1954504704} @ http://localhost:5173/src/App.jsx?t=1775605733432:185
[   49154ms] [LOG] [boot] refreshing usage data @ http://localhost:5173/src/App.jsx?t=1775605733432:213
[   49155ms] [LOG] [boot] initial fetch @ http://localhost:5173/src/App.jsx?t=1775605733432:220
[   49210ms] [LOG] [fetch] /api/flights → {pollerRegion: usa, pollerHasData: true, flightCount: 5939, serverFetchedAt: 1775605720514, clientRegion: usa} @ http://localhost:5173/src/App.jsx?t=1775605733432:252
[   49210ms] [LOG] [fetch] result: 5939 flights @ http://localhost:5173/src/App.jsx?t=1775605733432:277
[   49274ms] [LOG] [boot] live sync enabled @ http://localhost:5173/src/App.jsx?t=1775605733432:225
[   49274ms] [LOG] [boot] complete @ http://localhost:5173/src/App.jsx?t=1775605733432:230
[   49428ms] [ERROR] Failed to load resource: the server responded with a status of 404 () @ https://api.adsbdb.com/v0/callsign/N406Z:0
[   65158ms] [ERROR] Failed to load resource: the server responded with a status of 404 () @ https://api.adsbdb.com/v0/callsign/N309RR:0
[   71819ms] [LOG] [fetch] /api/flights → {pollerRegion: usa, pollerHasData: true, flightCount: 5944, serverFetchedAt: 1775605765413, clientRegion: usa} @ http://localhost:5173/src/App.jsx?t=1775605733432:252
[   71819ms] [LOG] [fetch] result: 5944 flights @ http://localhost:5173/src/App.jsx?t=1775605733432:277
[   80299ms] [ERROR] Failed to load resource: the server responded with a status of 404 () @ https://api.adsbdb.com/v0/callsign/N35325:0
[   94323ms] [LOG] [fetch] /api/flights → {pollerRegion: usa, pollerHasData: true, flightCount: 5944, serverFetchedAt: 1775605765413, clientRegion: usa} @ http://localhost:5173/src/App.jsx?t=1775605733432:252
[   94323ms] [LOG] [fetch] result: 5944 flights @ http://localhost:5173/src/App.jsx?t=1775605733432:277
[   95439ms] [ERROR] Failed to load resource: the server responded with a status of 404 () @ https://api.adsbdb.com/v0/callsign/N40KG:0
[  111125ms] [ERROR] Failed to load resource: the server responded with a status of 404 () @ https://api.adsbdb.com/v0/callsign/N401TP:0
[  116842ms] [LOG] [fetch] /api/flights → {pollerRegion: usa, pollerHasData: true, flightCount: 5932, serverFetchedAt: 1775605810472, clientRegion: usa} @ http://localhost:5173/src/App.jsx?t=1775605733432:252
[  116842ms] [LOG] [fetch] result: 5932 flights @ http://localhost:5173/src/App.jsx?t=1775605733432:277
[  126874ms] [ERROR] Failed to load resource: the server responded with a status of 404 () @ https://api.adsbdb.com/v0/callsign/N3815S:0
[  139345ms] [LOG] [fetch] /api/flights → {pollerRegion: usa, pollerHasData: true, flightCount: 5932, serverFetchedAt: 1775605810472, clientRegion: usa} @ http://localhost:5173/src/App.jsx?t=1775605733432:252
[  139345ms] [LOG] [fetch] result: 5932 flights @ http://localhost:5173/src/App.jsx?t=1775605733432:277
[  142544ms] [ERROR] Failed to load resource: the server responded with a status of 404 () @ https://api.adsbdb.com/v0/callsign/N3517S:0
[  158499ms] [ERROR] Failed to load resource: the server responded with a status of 404 () @ https://api.adsbdb.com/v0/callsign/N241TD:0
[  161825ms] [LOG] [fetch] /api/flights → {pollerRegion: usa, pollerHasData: true, flightCount: 5927, serverFetchedAt: 1775605855213, clientRegion: usa} @ http://localhost:5173/src/App.jsx?t=1775605733432:252
[  161826ms] [LOG] [fetch] result: 5927 flights @ http://localhost:5173/src/App.jsx?t=1775605733432:277
[  174188ms] [ERROR] Failed to load resource: the server responded with a status of 404 () @ https://api.adsbdb.com/v0/callsign/CGBFY:0
[  184324ms] [LOG] [fetch] /api/flights → {pollerRegion: usa, pollerHasData: true, flightCount: 5927, serverFetchedAt: 1775605855213, clientRegion: usa} @ http://localhost:5173/src/App.jsx?t=1775605733432:252
[  184324ms] [LOG] [fetch] result: 5927 flights @ http://localhost:5173/src/App.jsx?t=1775605733432:277
[  189861ms] [ERROR] Failed to load resource: the server responded with a status of 404 () @ https://api.adsbdb.com/v0/callsign/N7MP:0
[  205598ms] [ERROR] Failed to load resource: the server responded with a status of 404 () @ https://api.adsbdb.com/v0/callsign/N88JA:0
[  206822ms] [LOG] [fetch] /api/flights → {pollerRegion: usa, pollerHasData: true, flightCount: 5921, serverFetchedAt: 1775605900478, clientRegion: usa} @ http://localhost:5173/src/App.jsx?t=1775605733432:252
[  206822ms] [LOG] [fetch] result: 5921 flights @ http://localhost:5173/src/App.jsx?t=1775605733432:277
[  222081ms] [ERROR] Failed to load resource: the server responded with a status of 404 () @ https://api.adsbdb.com/v0/callsign/XBOYD:0
[  229326ms] [LOG] [fetch] /api/flights → {pollerRegion: usa, pollerHasData: true, flightCount: 5921, serverFetchedAt: 1775605900478, clientRegion: usa} @ http://localhost:5173/src/App.jsx?t=1775605733432:252
[  229326ms] [LOG] [fetch] result: 5921 flights @ http://localhost:5173/src/App.jsx?t=1775605733432:277
[  237743ms] [ERROR] Failed to load resource: the server responded with a status of 404 () @ https://api.adsbdb.com/v0/callsign/SCA35:0
[  251830ms] [LOG] [fetch] /api/flights → {pollerRegion: usa, pollerHasData: true, flightCount: 5908, serverFetchedAt: 1775605945370, clientRegion: usa} @ http://localhost:5173/src/App.jsx?t=1775605733432:252
[  251830ms] [LOG] [fetch] result: 5908 flights @ http://localhost:5173/src/App.jsx?t=1775605733432:277
[  253398ms] [ERROR] Failed to load resource: the server responded with a status of 404 () @ https://api.adsbdb.com/v0/callsign/CGBFA:0
[  269057ms] [ERROR] Failed to load resource: the server responded with a status of 404 () @ https://api.adsbdb.com/v0/callsign/JANET10:0
