[      73ms] [INFO] %cDownload the React DevTools for a better development experience: https://reactjs.org/link/react-devtools font-weight:bold @ http://localhost:5173/node_modules/.vite/deps/chunk-NUMECXU6.js?v=9f3348c7:21550
[     108ms] [LOG] [boot] starting — isProd: false @ http://localhost:5173/src/App.jsx?t=1775610699148:174
[     108ms] [LOG] [boot] health check attempt 1/10 @ http://localhost:5173/src/App.jsx?t=1775610699148:178
[     110ms] [LOG] [boot] starting — isProd: false @ http://localhost:5173/src/App.jsx?t=1775610699148:174
[     110ms] [LOG] [boot] health check attempt 1/10 @ http://localhost:5173/src/App.jsx?t=1775610699148:178
[     126ms] [LOG] [boot] backend ready: {opensky: true, aeroapi: true, notam: false, poller: running (usa, 5550 aircraft), db: 1954504704} @ http://localhost:5173/src/App.jsx?t=1775610699148:185
[     127ms] [LOG] [boot] refreshing usage data @ http://localhost:5173/src/App.jsx?t=1775610699148:213
[     127ms] [LOG] [boot] initial fetch @ http://localhost:5173/src/App.jsx?t=1775610699148:220
[     237ms] [LOG] [fetch] /api/flights → {pollerRegion: usa, pollerHasData: true, flightCount: 4754, serverFetchedAt: 1775610698729, clientRegion: usa} @ http://localhost:5173/src/App.jsx?t=1775610699148:252
[     237ms] [LOG] [fetch] result: 4754 flights @ http://localhost:5173/src/App.jsx?t=1775610699148:277
[     315ms] [LOG] [boot] live sync enabled @ http://localhost:5173/src/App.jsx?t=1775610699148:225
[     315ms] [LOG] [boot] complete @ http://localhost:5173/src/App.jsx?t=1775610699148:230
[     489ms] [ERROR] Failed to load resource: the server responded with a status of 404 () @ https://api.adsbdb.com/v0/callsign/CGVJE:0
[   16171ms] [ERROR] Failed to load resource: the server responded with a status of 404 () @ https://api.adsbdb.com/v0/callsign/RTY484:0
[   23839ms] [LOG] [fetch] /api/flights → {pollerRegion: usa, pollerHasData: true, flightCount: 4737, serverFetchedAt: 1775610749116, clientRegion: usa} @ http://localhost:5173/src/App.jsx?t=1775610699148:252
[   23839ms] [LOG] [fetch] result: 4737 flights @ http://localhost:5173/src/App.jsx?t=1775610699148:277
[   31317ms] [ERROR] Failed to load resource: the server responded with a status of 404 () @ https://api.adsbdb.com/v0/callsign/N28BR:0
[   45360ms] [LOG] [fetch] /api/flights → {pollerRegion: usa, pollerHasData: true, flightCount: 4737, serverFetchedAt: 1775610749116, clientRegion: usa} @ http://localhost:5173/src/App.jsx?t=1775610699148:252
[   45361ms] [LOG] [fetch] result: 4737 flights @ http://localhost:5173/src/App.jsx?t=1775610699148:277
[   46481ms] [ERROR] Failed to load resource: the server responded with a status of 404 () @ https://api.adsbdb.com/v0/callsign/N3517S:0
[   62661ms] [ERROR] Failed to load resource: the server responded with a status of 404 () @ https://api.adsbdb.com/v0/callsign/WIS901:0
[   67867ms] [LOG] [fetch] /api/flights → {pollerRegion: usa, pollerHasData: true, flightCount: 4735, serverFetchedAt: 1775610789279, clientRegion: usa} @ http://localhost:5173/src/App.jsx?t=1775610699148:252
[   67867ms] [LOG] [fetch] result: 4735 flights @ http://localhost:5173/src/App.jsx?t=1775610699148:277
[   80238ms] [ERROR] Failed to load resource: the server responded with a status of 404 () @ https://api.adsbdb.com/v0/callsign/N595GL:0
[   90359ms] [LOG] [fetch] /api/flights → {pollerRegion: usa, pollerHasData: true, flightCount: 4735, serverFetchedAt: 1775610789279, clientRegion: usa} @ http://localhost:5173/src/App.jsx?t=1775610699148:252
[   90359ms] [LOG] [fetch] result: 4735 flights @ http://localhost:5173/src/App.jsx?t=1775610699148:277
[   95884ms] [ERROR] Failed to load resource: the server responded with a status of 404 () @ https://api.adsbdb.com/v0/callsign/C6605:0
[  111027ms] [ERROR] Failed to load resource: the server responded with a status of 404 () @ https://api.adsbdb.com/v0/callsign/N813WH:0
[  112867ms] [LOG] [fetch] /api/flights → {pollerRegion: usa, pollerHasData: true, flightCount: 4728, serverFetchedAt: 1775610834112, clientRegion: usa} @ http://localhost:5173/src/App.jsx?t=1775610699148:252
[  112867ms] [LOG] [fetch] result: 4728 flights @ http://localhost:5173/src/App.jsx?t=1775610699148:277
[  126204ms] [ERROR] Failed to load resource: the server responded with a status of 404 () @ https://api.adsbdb.com/v0/callsign/N627HE:0
[  135362ms] [LOG] [fetch] /api/flights → {pollerRegion: usa, pollerHasData: true, flightCount: 4728, serverFetchedAt: 1775610834112, clientRegion: usa} @ http://localhost:5173/src/App.jsx?t=1775610699148:252
[  135362ms] [LOG] [fetch] result: 4728 flights @ http://localhost:5173/src/App.jsx?t=1775610699148:277
[  142809ms] [ERROR] Failed to load resource: the server responded with a status of 404 () @ https://api.adsbdb.com/v0/callsign/N853PA:0
[  157867ms] [LOG] [fetch] /api/flights → {pollerRegion: usa, pollerHasData: true, flightCount: 4724, serverFetchedAt: 1775610879015, clientRegion: usa} @ http://localhost:5173/src/App.jsx?t=1775610699148:252
[  157867ms] [LOG] [fetch] result: 4724 flights @ http://localhost:5173/src/App.jsx?t=1775610699148:277
[  158860ms] [ERROR] Failed to load resource: the server responded with a status of 404 () @ https://api.adsbdb.com/v0/callsign/AUB147:0
[  174567ms] [ERROR] Failed to load resource: the server responded with a status of 404 () @ https://api.adsbdb.com/v0/callsign/GAQV:0
[  180348ms] [LOG] [fetch] /api/flights → {pollerRegion: usa, pollerHasData: true, flightCount: 4724, serverFetchedAt: 1775610879015, clientRegion: usa} @ http://localhost:5173/src/App.jsx?t=1775610699148:252
[  180348ms] [LOG] [fetch] result: 4724 flights @ http://localhost:5173/src/App.jsx?t=1775610699148:277
[  190280ms] [ERROR] Failed to load resource: the server responded with a status of 404 () @ https://api.adsbdb.com/v0/callsign/PDU53:0
[  202873ms] [LOG] [fetch] /api/flights → {pollerRegion: usa, pollerHasData: true, flightCount: 4723, serverFetchedAt: 1775610925359, clientRegion: usa} @ http://localhost:5173/src/App.jsx?t=1775610699148:252
[  202873ms] [LOG] [fetch] result: 4723 flights @ http://localhost:5173/src/App.jsx?t=1775610699148:277
[  205442ms] [ERROR] Failed to load resource: the server responded with a status of 404 () @ https://api.adsbdb.com/v0/callsign/HAWK250:0
[  221222ms] [ERROR] Failed to load resource: the server responded with a status of 404 () @ https://api.adsbdb.com/v0/callsign/N7021E:0
[  225359ms] [LOG] [fetch] /api/flights → {pollerRegion: usa, pollerHasData: true, flightCount: 4723, serverFetchedAt: 1775610925359, clientRegion: usa} @ http://localhost:5173/src/App.jsx?t=1775610699148:252
[  225360ms] [LOG] [fetch] result: 4723 flights @ http://localhost:5173/src/App.jsx?t=1775610699148:277
[  236373ms] [ERROR] Failed to load resource: the server responded with a status of 404 () @ https://api.adsbdb.com/v0/callsign/GH72:0
[  247865ms] [LOG] [fetch] /api/flights → {pollerRegion: usa, pollerHasData: true, flightCount: 4717, serverFetchedAt: 1775610971436, clientRegion: usa} @ http://localhost:5173/src/App.jsx?t=1775610699148:252
[  247865ms] [LOG] [fetch] result: 4717 flights @ http://localhost:5173/src/App.jsx?t=1775610699148:277
[  252012ms] [ERROR] Failed to load resource: the server responded with a status of 404 () @ https://api.adsbdb.com/v0/callsign/N723MG:0
[  267173ms] [ERROR] Failed to load resource: the server responded with a status of 404 () @ https://api.adsbdb.com/v0/callsign/TEAL99:0
[  270369ms] [LOG] [fetch] /api/flights → {pollerRegion: usa, pollerHasData: true, flightCount: 4717, serverFetchedAt: 1775610971436, clientRegion: usa} @ http://localhost:5173/src/App.jsx?t=1775610699148:252
[  270369ms] [LOG] [fetch] result: 4717 flights @ http://localhost:5173/src/App.jsx?t=1775610699148:277
[  282313ms] [ERROR] Failed to load resource: the server responded with a status of 404 () @ https://api.adsbdb.com/v0/callsign/ROYAL55:0
[  292857ms] [LOG] [fetch] /api/flights → {pollerRegion: usa, pollerHasData: true, flightCount: 4710, serverFetchedAt: 1775611013542, clientRegion: usa} @ http://localhost:5173/src/App.jsx?t=1775610699148:252
[  292857ms] [LOG] [fetch] result: 4710 flights @ http://localhost:5173/src/App.jsx?t=1775610699148:277
[  299194ms] [ERROR] Failed to load resource: the server responded with a status of 404 () @ https://api.adsbdb.com/v0/callsign/G20758:0
[  314342ms] [ERROR] Failed to load resource: the server responded with a status of 404 () @ https://api.adsbdb.com/v0/callsign/SHINR38:0
[  315362ms] [LOG] [fetch] /api/flights → {pollerRegion: usa, pollerHasData: true, flightCount: 4710, serverFetchedAt: 1775611013542, clientRegion: usa} @ http://localhost:5173/src/App.jsx?t=1775610699148:252
[  315362ms] [LOG] [fetch] result: 4710 flights @ http://localhost:5173/src/App.jsx?t=1775610699148:277
[  330069ms] [ERROR] Failed to load resource: the server responded with a status of 404 () @ https://api.adsbdb.com/v0/callsign/G20768:0
[  337868ms] [LOG] [fetch] /api/flights → {pollerRegion: usa, pollerHasData: true, flightCount: 4722, serverFetchedAt: 1775611061595, clientRegion: usa} @ http://localhost:5173/src/App.jsx?t=1775610699148:252
[  337868ms] [LOG] [fetch] result: 4722 flights @ http://localhost:5173/src/App.jsx?t=1775610699148:277
[  345213ms] [ERROR] Failed to load resource: the server responded with a status of 404 () @ https://api.adsbdb.com/v0/callsign/N16058:0
[  360377ms] [LOG] [fetch] /api/flights → {pollerRegion: usa, pollerHasData: true, flightCount: 4722, serverFetchedAt: 1775611061595, clientRegion: usa} @ http://localhost:5173/src/App.jsx?t=1775610699148:252
[  360377ms] [LOG] [fetch] result: 4722 flights @ http://localhost:5173/src/App.jsx?t=1775610699148:277
[  361567ms] [ERROR] Failed to load resource: the server responded with a status of 404 () @ https://api.adsbdb.com/v0/callsign/N492LP:0
[  377287ms] [ERROR] Failed to load resource: the server responded with a status of 404 () @ https://api.adsbdb.com/v0/callsign/BXR1959:0
[  380976ms] [LOG] [boot] starting — isProd: false @ http://localhost:5173/src/App.jsx?t=1775611109496:174
[  380977ms] [LOG] [boot] health check attempt 1/10 @ http://localhost:5173/src/App.jsx?t=1775611109496:178
[  381010ms] [LOG] [boot] backend ready: {opensky: true, aeroapi: true, notam: false, poller: running (usa, 5482 aircraft), db: 1954504704} @ http://localhost:5173/src/App.jsx?t=1775611109496:185
[  381010ms] [LOG] [boot] refreshing usage data @ http://localhost:5173/src/App.jsx?t=1775611109496:213
[  381011ms] [LOG] [boot] initial fetch @ http://localhost:5173/src/App.jsx?t=1775611109496:220
[  381074ms] [LOG] [fetch] /api/flights → {pollerRegion: usa, pollerHasData: true, flightCount: 4706, serverFetchedAt: 1775611103692, clientRegion: usa} @ http://localhost:5173/src/App.jsx?t=1775611109496:252
[  381074ms] [LOG] [fetch] result: 4706 flights @ http://localhost:5173/src/App.jsx?t=1775611109496:277
[  381170ms] [LOG] [boot] live sync enabled @ http://localhost:5173/src/App.jsx?t=1775611109496:225
[  381170ms] [LOG] [boot] complete @ http://localhost:5173/src/App.jsx?t=1775611109496:230
[  395702ms] [ERROR] Failed to load resource: the server responded with a status of 404 () @ https://api.adsbdb.com/v0/callsign/N630FB:0
