[      90ms] [INFO] %cDownload the React DevTools for a better development experience: https://reactjs.org/link/react-devtools font-weight:bold @ http://localhost:5173/node_modules/.vite/deps/chunk-NUMECXU6.js?v=9f3348c7:21550
[     118ms] [LOG] [boot] starting — isProd: false @ http://localhost:5173/src/App.jsx?t=1775613535386:174
[     118ms] [LOG] [boot] health check attempt 1/10 @ http://localhost:5173/src/App.jsx?t=1775613535386:178
[     119ms] [LOG] [boot] starting — isProd: false @ http://localhost:5173/src/App.jsx?t=1775613535386:174
[     120ms] [LOG] [boot] health check attempt 1/10 @ http://localhost:5173/src/App.jsx?t=1775613535386:178
[     138ms] [LOG] [boot] backend ready: {opensky: true, aeroapi: true, notam: false, poller: running (usa, 4211 aircraft), db: 1954504704} @ http://localhost:5173/src/App.jsx?t=1775613535386:185
[     139ms] [LOG] [boot] refreshing usage data @ http://localhost:5173/src/App.jsx?t=1775613535386:213
[     139ms] [LOG] [boot] initial fetch @ http://localhost:5173/src/App.jsx?t=1775613535386:220
[     263ms] [LOG] [fetch] /api/flights → {pollerRegion: usa, pollerHasData: true, flightCount: 4151, serverFetchedAt: 1775614256882, clientRegion: usa} @ http://localhost:5173/src/App.jsx?t=1775613535386:252
[     263ms] [LOG] [fetch] result: 4151 flights @ http://localhost:5173/src/App.jsx?t=1775613535386:277
[     342ms] [LOG] [boot] live sync enabled @ http://localhost:5173/src/App.jsx?t=1775613535386:225
[     343ms] [LOG] [boot] complete @ http://localhost:5173/src/App.jsx?t=1775613535386:230
[     483ms] [ERROR] Failed to load resource: the server responded with a status of 404 () @ https://api.adsbdb.com/v0/callsign/N28BR:0
[   15642ms] [ERROR] Failed to load resource: the server responded with a status of 404 () @ https://api.adsbdb.com/v0/callsign/N432PH:0
[   22902ms] [LOG] [fetch] /api/flights → {pollerRegion: usa, pollerHasData: true, flightCount: 4151, serverFetchedAt: 1775614256882, clientRegion: usa} @ http://localhost:5173/src/App.jsx?t=1775613535386:252
[   22902ms] [LOG] [fetch] result: 4151 flights @ http://localhost:5173/src/App.jsx?t=1775613535386:277
[   30803ms] [ERROR] Failed to load resource: the server responded with a status of 404 () @ https://api.adsbdb.com/v0/callsign/JUMP22:0
[   45406ms] [LOG] [fetch] /api/flights → {pollerRegion: usa, pollerHasData: true, flightCount: 4144, serverFetchedAt: 1775614302139, clientRegion: usa} @ http://localhost:5173/src/App.jsx?t=1775613535386:252
[   45407ms] [LOG] [fetch] result: 4144 flights @ http://localhost:5173/src/App.jsx?t=1775613535386:277
[   45945ms] [ERROR] Failed to load resource: the server responded with a status of 404 () @ https://api.adsbdb.com/v0/callsign/N213PF:0
[   61102ms] [ERROR] Failed to load resource: the server responded with a status of 404 () @ https://api.adsbdb.com/v0/callsign/CMD2:0
[   67912ms] [LOG] [fetch] /api/flights → {pollerRegion: usa, pollerHasData: true, flightCount: 4144, serverFetchedAt: 1775614302139, clientRegion: usa} @ http://localhost:5173/src/App.jsx?t=1775613535386:252
[   67912ms] [LOG] [fetch] result: 4144 flights @ http://localhost:5173/src/App.jsx?t=1775613535386:277
[   76242ms] [ERROR] Failed to load resource: the server responded with a status of 404 () @ https://api.adsbdb.com/v0/callsign/CGBFY:0
[   76887ms] [ERROR] Failed to load resource: the server responded with a status of 429 (Too Many Requests) @ http://localhost:5173/api/apl/hex?hex=a49466:0
[   76895ms] [ERROR] Failed to load resource: the server responded with a status of 404 () @ https://api.adsbdb.com/v0/aircraft/a49466:0
[   76895ms] [ERROR] Failed to load resource: the server responded with a status of 404 () @ https://api.adsbdb.com/v0/callsign/N3943:0
[   77540ms] [ERROR] Failed to load resource: the server responded with a status of 404 () @ https://api.adsbdb.com/v0/callsign/SH260:0
[   77577ms] [ERROR] Failed to load resource: the server responded with a status of 429 (Too Many Requests) @ http://localhost:5173/api/adsbfi/hex/ae58f9:0
[   77864ms] [ERROR] Failed to load resource: the server responded with a status of 429 (Too Many Requests) @ http://localhost:5173/api/apl/hex?hex=ae58f9:0
[   77864ms] [ERROR] Failed to load resource: the server responded with a status of 429 (Too Many Requests) @ http://localhost:5173/api/apl/hex?hex=a2ab84:0
[   77903ms] [ERROR] Failed to load resource: the server responded with a status of 404 () @ https://api.adsbdb.com/v0/aircraft/a2ab84:0
[   77904ms] [ERROR] Failed to load resource: the server responded with a status of 404 () @ https://api.adsbdb.com/v0/callsign/N271PM:0
[   77945ms] [ERROR] Failed to load resource: the server responded with a status of 429 (Too Many Requests) @ http://localhost:5173/api/adsbfi/hex/a2ab84:0
[   78732ms] [INFO] %cDownload the React DevTools for a better development experience: https://reactjs.org/link/react-devtools font-weight:bold @ http://localhost:5173/node_modules/.vite/deps/chunk-NUMECXU6.js?v=9f3348c7:21550
[   78760ms] [LOG] [boot] starting — isProd: false @ http://localhost:5173/src/App.jsx?t=1775613535386:174
[   78760ms] [LOG] [boot] health check attempt 1/10 @ http://localhost:5173/src/App.jsx?t=1775613535386:178
[   78761ms] [LOG] [boot] starting — isProd: false @ http://localhost:5173/src/App.jsx?t=1775613535386:174
[   78761ms] [LOG] [boot] health check attempt 1/10 @ http://localhost:5173/src/App.jsx?t=1775613535386:178
[   81766ms] [LOG] [boot] backend ready: {opensky: true, aeroapi: true, notam: false, poller: running (usa, 4211 aircraft), db: 1954504704} @ http://localhost:5173/src/App.jsx?t=1775613535386:185
[   81766ms] [LOG] [boot] refreshing usage data @ http://localhost:5173/src/App.jsx?t=1775613535386:213
[   81767ms] [LOG] [boot] initial fetch @ http://localhost:5173/src/App.jsx?t=1775613535386:220
[   81828ms] [LOG] [fetch] /api/flights → {pollerRegion: usa, pollerHasData: true, flightCount: 4134, serverFetchedAt: 1775614346732, clientRegion: usa} @ http://localhost:5173/src/App.jsx?t=1775613535386:252
[   81829ms] [LOG] [fetch] result: 4134 flights @ http://localhost:5173/src/App.jsx?t=1775613535386:277
[   81903ms] [LOG] [boot] live sync enabled @ http://localhost:5173/src/App.jsx?t=1775613535386:225
[   81903ms] [LOG] [boot] complete @ http://localhost:5173/src/App.jsx?t=1775613535386:230
[   82039ms] [ERROR] Failed to load resource: the server responded with a status of 404 () @ https://api.adsbdb.com/v0/callsign/N28BR:0
[   84015ms] [ERROR] Failed to load resource: the server responded with a status of 503 (Service Unavailable) @ http://localhost:5173/api/apl/hex?hex=a9a541:0
[   84066ms] [ERROR] Failed to load resource: the server responded with a status of 404 () @ https://api.adsbdb.com/v0/callsign/WWI72:0
[   85301ms] [ERROR] Failed to load resource: the server responded with a status of 503 (Service Unavailable) @ http://localhost:5173/api/apl/hex?hex=a42e13:0
[   97177ms] [ERROR] Failed to load resource: the server responded with a status of 404 () @ https://api.adsbdb.com/v0/callsign/N432PH:0
[  104432ms] [LOG] [fetch] /api/flights → {pollerRegion: usa, pollerHasData: true, flightCount: 4134, serverFetchedAt: 1775614346732, clientRegion: usa} @ http://localhost:5173/src/App.jsx?t=1775613535386:252
[  104432ms] [LOG] [fetch] result: 4134 flights @ http://localhost:5173/src/App.jsx?t=1775613535386:277
[  112324ms] [ERROR] Failed to load resource: the server responded with a status of 404 () @ https://api.adsbdb.com/v0/callsign/JUMP22:0
[  127463ms] [LOG] [fetch] /api/flights → {pollerRegion: usa, pollerHasData: true, flightCount: 4122, serverFetchedAt: 1775614392459, clientRegion: usa} @ http://localhost:5173/src/App.jsx?t=1775613535386:252
[  127464ms] [LOG] [fetch] result: 4122 flights @ http://localhost:5173/src/App.jsx?t=1775613535386:277
[  127546ms] [ERROR] Failed to load resource: the server responded with a status of 404 () @ https://api.adsbdb.com/v0/callsign/N213PF:0
[  142713ms] [ERROR] Failed to load resource: the server responded with a status of 404 () @ https://api.adsbdb.com/v0/callsign/CMD2:0
[  149458ms] [LOG] [fetch] /api/flights → {pollerRegion: usa, pollerHasData: true, flightCount: 4122, serverFetchedAt: 1775614392459, clientRegion: usa} @ http://localhost:5173/src/App.jsx?t=1775613535386:252
[  149458ms] [LOG] [fetch] result: 4122 flights @ http://localhost:5173/src/App.jsx?t=1775613535386:277
[  157858ms] [ERROR] Failed to load resource: the server responded with a status of 404 () @ https://api.adsbdb.com/v0/callsign/CGBFY:0
[  172132ms] [LOG] [fetch] /api/flights → {pollerRegion: usa, pollerHasData: true, flightCount: 4110, serverFetchedAt: 1775614437022, clientRegion: usa} @ http://localhost:5173/src/App.jsx?t=1775613535386:252
[  172132ms] [LOG] [fetch] result: 4110 flights @ http://localhost:5173/src/App.jsx?t=1775613535386:277
[  173005ms] [ERROR] Failed to load resource: the server responded with a status of 404 () @ https://api.adsbdb.com/v0/callsign/CGYAU:0
[  188175ms] [ERROR] Failed to load resource: the server responded with a status of 404 () @ https://api.adsbdb.com/v0/callsign/CGYAS:0
[  194441ms] [LOG] [fetch] /api/flights → {pollerRegion: usa, pollerHasData: true, flightCount: 4110, serverFetchedAt: 1775614437022, clientRegion: usa} @ http://localhost:5173/src/App.jsx?t=1775613535386:252
[  194441ms] [LOG] [fetch] result: 4110 flights @ http://localhost:5173/src/App.jsx?t=1775613535386:277
[  203327ms] [ERROR] Failed to load resource: the server responded with a status of 404 () @ https://api.adsbdb.com/v0/callsign/N3534S:0
[  217552ms] [LOG] [fetch] /api/flights → {pollerRegion: usa, pollerHasData: true, flightCount: 4097, serverFetchedAt: 1775614481932, clientRegion: usa} @ http://localhost:5173/src/App.jsx?t=1775613535386:252
[  217552ms] [LOG] [fetch] result: 4097 flights @ http://localhost:5173/src/App.jsx?t=1775613535386:277
[  218476ms] [ERROR] Failed to load resource: the server responded with a status of 404 () @ https://api.adsbdb.com/v0/callsign/N595GL:0
[  234348ms] [ERROR] Failed to load resource: the server responded with a status of 404 () @ https://api.adsbdb.com/v0/callsign/SPIKR29:0
[  239455ms] [LOG] [fetch] /api/flights → {pollerRegion: usa, pollerHasData: true, flightCount: 4097, serverFetchedAt: 1775614481932, clientRegion: usa} @ http://localhost:5173/src/App.jsx?t=1775613535386:252
[  239455ms] [LOG] [fetch] result: 4097 flights @ http://localhost:5173/src/App.jsx?t=1775613535386:277
[  249490ms] [ERROR] Failed to load resource: the server responded with a status of 404 () @ https://api.adsbdb.com/v0/callsign/N627HE:0
[  262866ms] [LOG] [fetch] /api/flights → {pollerRegion: usa, pollerHasData: true, flightCount: 4089, serverFetchedAt: 1775614526921, clientRegion: usa} @ http://localhost:5173/src/App.jsx?t=1775613535386:252
[  262866ms] [LOG] [fetch] result: 4089 flights @ http://localhost:5173/src/App.jsx?t=1775613535386:277
[  265121ms] [ERROR] Failed to load resource: the server responded with a status of 404 () @ https://api.adsbdb.com/v0/callsign/JUMP70:0
[  280776ms] [ERROR] Failed to load resource: the server responded with a status of 404 () @ https://api.adsbdb.com/v0/callsign/COOL51:0
[  284435ms] [LOG] [fetch] /api/flights → {pollerRegion: usa, pollerHasData: true, flightCount: 4089, serverFetchedAt: 1775614526921, clientRegion: usa} @ http://localhost:5173/src/App.jsx?t=1775613535386:252
[  284436ms] [LOG] [fetch] result: 4089 flights @ http://localhost:5173/src/App.jsx?t=1775613535386:277
[  295926ms] [ERROR] Failed to load resource: the server responded with a status of 404 () @ https://api.adsbdb.com/v0/callsign/COOL37:0
[  308396ms] [LOG] [fetch] /api/flights → {pollerRegion: usa, pollerHasData: true, flightCount: 4083, serverFetchedAt: 1775614572280, clientRegion: usa} @ http://localhost:5173/src/App.jsx?t=1775613535386:252
[  308397ms] [LOG] [fetch] result: 4083 flights @ http://localhost:5173/src/App.jsx?t=1775613535386:277
[  311615ms] [ERROR] Failed to load resource: the server responded with a status of 404 () @ https://api.adsbdb.com/v0/callsign/BOXER33:0
[  326756ms] [ERROR] Failed to load resource: the server responded with a status of 404 () @ https://api.adsbdb.com/v0/callsign/GFY562:0
[  329438ms] [LOG] [fetch] /api/flights → {pollerRegion: usa, pollerHasData: true, flightCount: 4083, serverFetchedAt: 1775614572280, clientRegion: usa} @ http://localhost:5173/src/App.jsx?t=1775613535386:252
[  329438ms] [LOG] [fetch] result: 4083 flights @ http://localhost:5173/src/App.jsx?t=1775613535386:277
[  341920ms] [ERROR] Failed to load resource: the server responded with a status of 404 () @ https://api.adsbdb.com/v0/callsign/N439NK:0
[  352389ms] [LOG] [fetch] /api/flights → {pollerRegion: usa, pollerHasData: true, flightCount: 4081, serverFetchedAt: 1775614616845, clientRegion: usa} @ http://localhost:5173/src/App.jsx?t=1775613535386:252
[  352389ms] [LOG] [fetch] result: 4081 flights @ http://localhost:5173/src/App.jsx?t=1775613535386:277
[  357062ms] [ERROR] Failed to load resource: the server responded with a status of 404 () @ https://api.adsbdb.com/v0/callsign/BULET46:0
[  372215ms] [ERROR] Failed to load resource: the server responded with a status of 404 () @ https://api.adsbdb.com/v0/callsign/N72K:0
[  374440ms] [LOG] [fetch] /api/flights → {pollerRegion: usa, pollerHasData: true, flightCount: 4081, serverFetchedAt: 1775614616845, clientRegion: usa} @ http://localhost:5173/src/App.jsx?t=1775613535386:252
[  374440ms] [LOG] [fetch] result: 4081 flights @ http://localhost:5173/src/App.jsx?t=1775613535386:277
