[      79ms] [INFO] %cDownload the React DevTools for a better development experience: https://reactjs.org/link/react-devtools font-weight:bold @ http://localhost:5173/node_modules/.vite/deps/chunk-NUMECXU6.js?v=9f3348c7:21550
[     118ms] [LOG] [boot] starting — isProd: false @ http://localhost:5173/src/App.jsx?t=1775608010448:174
[     118ms] [LOG] [boot] health check attempt 1/10 @ http://localhost:5173/src/App.jsx?t=1775608010448:178
[     120ms] [LOG] [boot] starting — isProd: false @ http://localhost:5173/src/App.jsx?t=1775608010448:174
[     120ms] [LOG] [boot] health check attempt 1/10 @ http://localhost:5173/src/App.jsx?t=1775608010448:178
[     136ms] [LOG] [boot] backend ready: {opensky: true, aeroapi: true, notam: false, poller: running (usa, 6285 aircraft), db: 1954504704} @ http://localhost:5173/src/App.jsx?t=1775608010448:185
[     136ms] [LOG] [boot] refreshing usage data @ http://localhost:5173/src/App.jsx?t=1775608010448:213
[     137ms] [LOG] [boot] initial fetch @ http://localhost:5173/src/App.jsx?t=1775608010448:220
[     233ms] [LOG] [fetch] /api/flights → {pollerRegion: usa, pollerHasData: true, flightCount: 5406, serverFetchedAt: 1775608015732, clientRegion: usa} @ http://localhost:5173/src/App.jsx?t=1775608010448:252
[     234ms] [LOG] [fetch] result: 5406 flights @ http://localhost:5173/src/App.jsx?t=1775608010448:277
[     325ms] [LOG] [boot] live sync enabled @ http://localhost:5173/src/App.jsx?t=1775608010448:225
[     325ms] [LOG] [boot] complete @ http://localhost:5173/src/App.jsx?t=1775608010448:230
[     482ms] [ERROR] Failed to load resource: the server responded with a status of 404 () @ https://api.adsbdb.com/v0/callsign/N309RR:0
[   15641ms] [ERROR] Failed to load resource: the server responded with a status of 404 () @ https://api.adsbdb.com/v0/callsign/N35325:0
[   22892ms] [LOG] [fetch] /api/flights → {pollerRegion: usa, pollerHasData: true, flightCount: 5406, serverFetchedAt: 1775608015732, clientRegion: usa} @ http://localhost:5173/src/App.jsx?t=1775608010448:252
[   22892ms] [LOG] [fetch] result: 5406 flights @ http://localhost:5173/src/App.jsx?t=1775608010448:277
[   30787ms] [ERROR] Failed to load resource: the server responded with a status of 404 () @ https://api.adsbdb.com/v0/callsign/N4872J:0
[   45389ms] [LOG] [fetch] /api/flights → {pollerRegion: usa, pollerHasData: true, flightCount: 5410, serverFetchedAt: 1775608060521, clientRegion: usa} @ http://localhost:5173/src/App.jsx?t=1775608010448:252
[   45389ms] [LOG] [fetch] result: 5410 flights @ http://localhost:5173/src/App.jsx?t=1775608010448:277
[   50335ms] [ERROR] Failed to load resource: the server responded with a status of 404 () @ https://api.adsbdb.com/v0/callsign/N401TP:0
[   65482ms] [ERROR] Failed to load resource: the server responded with a status of 404 () @ https://api.adsbdb.com/v0/callsign/N88JA:0
[   67885ms] [LOG] [fetch] /api/flights → {pollerRegion: usa, pollerHasData: true, flightCount: 5410, serverFetchedAt: 1775608060521, clientRegion: usa} @ http://localhost:5173/src/App.jsx?t=1775608010448:252
[   67886ms] [LOG] [fetch] result: 5410 flights @ http://localhost:5173/src/App.jsx?t=1775608010448:277
[   80633ms] [ERROR] Failed to load resource: the server responded with a status of 404 () @ https://api.adsbdb.com/v0/callsign/N241U:0
[   90382ms] [LOG] [fetch] /api/flights → {pollerRegion: usa, pollerHasData: true, flightCount: 5400, serverFetchedAt: 1775608105685, clientRegion: usa} @ http://localhost:5173/src/App.jsx?t=1775608010448:252
[   90382ms] [LOG] [fetch] result: 5400 flights @ http://localhost:5173/src/App.jsx?t=1775608010448:277
[   95784ms] [ERROR] Failed to load resource: the server responded with a status of 404 () @ https://api.adsbdb.com/v0/callsign/SCA35:0
[  110928ms] [ERROR] Failed to load resource: the server responded with a status of 404 () @ https://api.adsbdb.com/v0/callsign/N90306:0
[  112879ms] [LOG] [fetch] /api/flights → {pollerRegion: usa, pollerHasData: true, flightCount: 5400, serverFetchedAt: 1775608105685, clientRegion: usa} @ http://localhost:5173/src/App.jsx?t=1775608010448:252
[  112880ms] [LOG] [fetch] result: 5400 flights @ http://localhost:5173/src/App.jsx?t=1775608010448:277
[  126076ms] [ERROR] Failed to load resource: the server responded with a status of 404 () @ https://api.adsbdb.com/v0/callsign/C6605:0
[  135381ms] [LOG] [fetch] /api/flights → {pollerRegion: usa, pollerHasData: true, flightCount: 5391, serverFetchedAt: 1775608151407, clientRegion: usa} @ http://localhost:5173/src/App.jsx?t=1775608010448:252
[  135382ms] [LOG] [fetch] result: 5391 flights @ http://localhost:5173/src/App.jsx?t=1775608010448:277
[  141226ms] [ERROR] Failed to load resource: the server responded with a status of 404 () @ https://api.adsbdb.com/v0/callsign/N627HE:0
[  156394ms] [ERROR] Failed to load resource: the server responded with a status of 404 () @ https://api.adsbdb.com/v0/callsign/N935TS:0
[  157893ms] [LOG] [fetch] /api/flights → {pollerRegion: usa, pollerHasData: true, flightCount: 5391, serverFetchedAt: 1775608151407, clientRegion: usa} @ http://localhost:5173/src/App.jsx?t=1775608010448:252
[  157893ms] [LOG] [fetch] result: 5391 flights @ http://localhost:5173/src/App.jsx?t=1775608010448:277
[  171549ms] [ERROR] Failed to load resource: the server responded with a status of 404 () @ https://api.adsbdb.com/v0/callsign/N647MC:0
[  180382ms] [LOG] [fetch] /api/flights → {pollerRegion: usa, pollerHasData: true, flightCount: 5380, serverFetchedAt: 1775608195551, clientRegion: usa} @ http://localhost:5173/src/App.jsx?t=1775608010448:252
[  180383ms] [LOG] [fetch] result: 5380 flights @ http://localhost:5173/src/App.jsx?t=1775608010448:277
[  186716ms] [ERROR] Failed to load resource: the server responded with a status of 404 () @ https://api.adsbdb.com/v0/callsign/N930PA:0
[  201861ms] [ERROR] Failed to load resource: the server responded with a status of 404 () @ https://api.adsbdb.com/v0/callsign/MONEY52:0
[  202884ms] [LOG] [fetch] /api/flights → {pollerRegion: usa, pollerHasData: true, flightCount: 5380, serverFetchedAt: 1775608195551, clientRegion: usa} @ http://localhost:5173/src/App.jsx?t=1775608010448:252
[  202884ms] [LOG] [fetch] result: 5380 flights @ http://localhost:5173/src/App.jsx?t=1775608010448:277
[  217014ms] [ERROR] Failed to load resource: the server responded with a status of 404 () @ https://api.adsbdb.com/v0/callsign/PDU53:0
[  225387ms] [LOG] [fetch] /api/flights → {pollerRegion: usa, pollerHasData: true, flightCount: 5350, serverFetchedAt: 1775608240486, clientRegion: usa} @ http://localhost:5173/src/App.jsx?t=1775608010448:252
[  225388ms] [LOG] [fetch] result: 5350 flights @ http://localhost:5173/src/App.jsx?t=1775608010448:277
[  232178ms] [ERROR] Failed to load resource: the server responded with a status of 404 () @ https://api.adsbdb.com/v0/callsign/N800SG:0
[  247333ms] [ERROR] Failed to load resource: the server responded with a status of 404 () @ https://api.adsbdb.com/v0/callsign/JUMP90:0
[  247881ms] [LOG] [fetch] /api/flights → {pollerRegion: usa, pollerHasData: true, flightCount: 5350, serverFetchedAt: 1775608240486, clientRegion: usa} @ http://localhost:5173/src/App.jsx?t=1775608010448:252
[  247881ms] [LOG] [fetch] result: 5350 flights @ http://localhost:5173/src/App.jsx?t=1775608010448:277
